This file contains any messages produced by compilers while
running configure, to aid debugging if configure makes a mistake.

It was created by drcvncclient configure 1.0, which was
generated by GNU Autoconf 2.69.  Invocation command line was

  $ ./configure libdrc_CFLAGS=-I/home/d/pc2drc/libdrc-vnc/libdrc-thefloppydriver/build/include libdrc_LIBS=-L/home/d/pc2drc/libdrc-vnc/libdrc-thefloppydriver/build/lib -ldrc -lswscale -lavutil x264_CFLAGS=-I/home/d/pc2drc/drc-x264/build/include x264_LIBS=-L/home/d/pc2drc/drc-x264/build/lib -lx264 --no-create --no-recursion

## --------- ##
## Platform. ##
## --------- ##

hostname = d
uname -m = x86_64
uname -r = 5.15.0-139-generic
uname -s = Linux
uname -v = #149~20.04.1-Ubuntu SMP Wed Apr 16 08:29:56 UTC 2025

/usr/bin/uname -p = x86_64
/bin/uname -X     = unknown

/bin/arch              = x86_64
/usr/bin/arch -k       = unknown
/usr/convex/getsysinfo = unknown
/usr/bin/hostinfo      = unknown
/bin/machine           = unknown
/usr/bin/oslevel       = unknown
/bin/universe          = unknown

PATH: /usr/local/sbin
PATH: /usr/local/bin
PATH: /usr/sbin
PATH: /usr/bin
PATH: /sbin
PATH: /bin
PATH: /usr/games
PATH: /usr/local/games
PATH: /snap/bin


## ----------- ##
## Core tests. ##
## ----------- ##

configure:1876: checking for a BSD-compatible install
configure:1944: result: /usr/bin/install -c
configure:1955: checking whether build environment is sane
configure:2010: result: yes
configure:2159: checking for a thread-safe mkdir -p
configure:2198: result: /usr/bin/mkdir -p
configure:2205: checking for gawk
configure:2235: result: no
configure:2205: checking for mawk
configure:2221: found /usr/bin/mawk
configure:2232: result: mawk
configure:2243: checking whether make sets $(MAKE)
configure:2265: result: yes
configure:2294: checking whether make supports nested variables
configure:2311: result: yes
configure:2498: checking for g++
configure:2514: found /usr/bin/g++
configure:2525: result: g++
configure:2552: checking for C++ compiler version
configure:2561: g++ --version >&5
g++ (Ubuntu 9.4.0-1ubuntu1~20.04.2) 9.4.0
Copyright (C) 2019 Free Software Foundation, Inc.
This is free software; see the source for copying conditions.  There is NO
warranty; not even for MERCHANTABILITY or FITNESS FOR A PARTICULAR PURPOSE.

configure:2572: $? = 0
configure:2561: g++ -v >&5
Using built-in specs.
COLLECT_GCC=g++
COLLECT_LTO_WRAPPER=/usr/lib/gcc/x86_64-linux-gnu/9/lto-wrapper
OFFLOAD_TARGET_NAMES=nvptx-none:hsa
OFFLOAD_TARGET_DEFAULT=1
Target: x86_64-linux-gnu
Configured with: ../src/configure -v --with-pkgversion='Ubuntu 9.4.0-1ubuntu1~20.04.2' --with-bugurl=file:///usr/share/doc/gcc-9/README.Bugs --enable-languages=c,ada,c++,go,brig,d,fortran,objc,obj-c++,gm2 --prefix=/usr --with-gcc-major-version-only --program-suffix=-9 --program-prefix=x86_64-linux-gnu- --enable-shared --enable-linker-build-id --libexecdir=/usr/lib --without-included-gettext --enable-threads=posix --libdir=/usr/lib --enable-nls --enable-clocale=gnu --enable-libstdcxx-debug --enable-libstdcxx-time=yes --with-default-libstdcxx-abi=new --enable-gnu-unique-object --disable-vtable-verify --enable-plugin --enable-default-pie --with-system-zlib --with-target-system-zlib=auto --enable-objc-gc=auto --enable-multiarch --disable-werror --with-arch-32=i686 --with-abi=m64 --with-multilib-list=m32,m64,mx32 --enable-multilib --with-tune=generic --enable-offload-targets=nvptx-none=/build/gcc-9-9QDOt0/gcc-9-9.4.0/debian/tmp-nvptx/usr,hsa --without-cuda-driver --enable-checking=release --build=x86_64-linux-gnu --host=x86_64-linux-gnu --target=x86_64-linux-gnu
Thread model: posix
gcc version 9.4.0 (Ubuntu 9.4.0-1ubuntu1~20.04.2) 
configure:2572: $? = 0
configure:2561: g++ -V >&5
g++: error: unrecognized command line option '-V'
g++: fatal error: no input files
compilation terminated.
configure:2572: $? = 1
configure:2561: g++ -qversion >&5
g++: error: unrecognized command line option '-qversion'; did you mean '--version'?
g++: fatal error: no input files
compilation terminated.
configure:2572: $? = 1
configure:2592: checking whether the C++ compiler works
configure:2614: g++    conftest.cpp  >&5
configure:2618: $? = 0
configure:2666: result: yes
configure:2669: checking for C++ compiler default output file name
configure:2671: result: a.out
configure:2677: checking for suffix of executables
configure:2684: g++ -o conftest    conftest.cpp  >&5
configure:2688: $? = 0
configure:2710: result: 
configure:2732: checking whether we are cross compiling
configure:2740: g++ -o conftest    conftest.cpp  >&5
configure:2744: $? = 0
configure:2751: ./conftest
configure:2755: $? = 0
configure:2743: result: no
configure:2748: checking for suffix of object files
configure:2770: g++ -c   conftest.cpp >&5
configure:2774: $? = 0
configure:2795: result: o
configure:2799: checking whether we are using the GNU C++ compiler
configure:2818: g++ -c   conftest.cpp >&5
configure:2818: $? = 0
configure:2827: result: yes
configure:2836: checking whether g++ accepts -g
configure:2856: g++ -c -g  conftest.cpp >&5
configure:2856: $? = 0
configure:2897: result: yes
configure:2923: checking whether make supports the include directive
configure:2938: make -f confmf.GNU && cat confinc.out
make[1]: Entering directory '/home/d/pc2drc/libdrc-vnc/drcvncclient'
make[1]: Leaving directory '/home/d/pc2drc/libdrc-vnc/drcvncclient'
this is the am__doit target
configure:2941: $? = 0
configure:2960: result: yes (GNU style)
configure:2985: checking dependency style of g++
configure:3096: result: gcc3
configure:3166: checking for pkg-config
configure:3184: found /usr/bin/pkg-config
configure:3196: result: /usr/bin/pkg-config
configure:3221: checking pkg-config is at least version 0.9.0
configure:3224: result: yes
configure:3234: checking for libdrc
configure:3319: result: yes
configure:3325: checking for libvncclient
configure:3332: $PKG_CONFIG --exists --print-errors "libvncclient"
configure:3335: $? = 0
configure:3349: $PKG_CONFIG --exists --print-errors "libvncclient"
configure:3352: $? = 0
configure:3410: result: yes
configure:3416: checking for sdl2
configure:3423: $PKG_CONFIG --exists --print-errors "sdl2"
configure:3426: $? = 0
configure:3440: $PKG_CONFIG --exists --print-errors "sdl2"
configure:3443: $? = 0
configure:3501: result: yes
configure:3507: checking for x264
configure:3592: result: yes
configure:3699: checking that generated files are newer than configure
configure:3705: result: done
configure:3728: creating ./config.status

## ---------------- ##
## Cache variables. ##
## ---------------- ##

ac_cv_cxx_compiler_gnu=yes
ac_cv_env_CCC_set=
ac_cv_env_CCC_value=
ac_cv_env_CPPFLAGS_set=
ac_cv_env_CPPFLAGS_value=
ac_cv_env_CXXFLAGS_set=
ac_cv_env_CXXFLAGS_value=
ac_cv_env_CXX_set=
ac_cv_env_CXX_value=
ac_cv_env_LDFLAGS_set=
ac_cv_env_LDFLAGS_value=
ac_cv_env_LIBS_set=
ac_cv_env_LIBS_value=
ac_cv_env_PKG_CONFIG_LIBDIR_set=
ac_cv_env_PKG_CONFIG_LIBDIR_value=
ac_cv_env_PKG_CONFIG_PATH_set=
ac_cv_env_PKG_CONFIG_PATH_value=
ac_cv_env_PKG_CONFIG_set=
ac_cv_env_PKG_CONFIG_value=
ac_cv_env_build_alias_set=
ac_cv_env_build_alias_value=
ac_cv_env_host_alias_set=
ac_cv_env_host_alias_value=
ac_cv_env_libdrc_CFLAGS_set=set
ac_cv_env_libdrc_CFLAGS_value=-I/home/d/pc2drc/libdrc-vnc/libdrc-thefloppydriver/build/include
ac_cv_env_libdrc_LIBS_set=set
ac_cv_env_libdrc_LIBS_value='-L/home/d/pc2drc/libdrc-vnc/libdrc-thefloppydriver/build/lib -ldrc -lswscale -lavutil'
ac_cv_env_libvncclient_CFLAGS_set=
ac_cv_env_libvncclient_CFLAGS_value=
ac_cv_env_libvncclient_LIBS_set=
ac_cv_env_libvncclient_LIBS_value=
ac_cv_env_sdl2_CFLAGS_set=
ac_cv_env_sdl2_CFLAGS_value=
ac_cv_env_sdl2_LIBS_set=
ac_cv_env_sdl2_LIBS_value=
ac_cv_env_target_alias_set=
ac_cv_env_target_alias_value=
ac_cv_env_x264_CFLAGS_set=set
ac_cv_env_x264_CFLAGS_value=-I/home/d/pc2drc/drc-x264/build/include
ac_cv_env_x264_LIBS_set=set
ac_cv_env_x264_LIBS_value='-L/home/d/pc2drc/drc-x264/build/lib -lx264'
ac_cv_objext=o
ac_cv_path_ac_pt_PKG_CONFIG=/usr/bin/pkg-config
ac_cv_path_install='/usr/bin/install -c'
ac_cv_path_mkdir=/usr/bin/mkdir
ac_cv_prog_AWK=mawk
ac_cv_prog_ac_ct_CXX=g++
ac_cv_prog_cxx_g=yes
ac_cv_prog_make_make_set=yes
am_cv_CXX_dependencies_compiler_type=gcc3
am_cv_make_support_nested_variables=yes
pkg_cv_libdrc_CFLAGS=-I/home/d/pc2drc/libdrc-vnc/libdrc-thefloppydriver/build/include
pkg_cv_libdrc_LIBS='-L/home/d/pc2drc/libdrc-vnc/libdrc-thefloppydriver/build/lib -ldrc -lswscale -lavutil'
pkg_cv_libvncclient_CFLAGS=-I/usr/local/include
pkg_cv_libvncclient_LIBS='-L/usr/local/lib -lvncclient'
pkg_cv_sdl2_CFLAGS='-D_REENTRANT -I/usr/include/SDL2'
pkg_cv_sdl2_LIBS=-lSDL2
pkg_cv_x264_CFLAGS=-I/home/d/pc2drc/drc-x264/build/include
pkg_cv_x264_LIBS='-L/home/d/pc2drc/drc-x264/build/lib -lx264'

## ----------------- ##
## Output variables. ##
## ----------------- ##

ACLOCAL='${SHELL} /home/d/pc2drc/libdrc-vnc/drcvncclient/missing aclocal-1.16'
AMDEPBACKSLASH='\'
AMDEP_FALSE='#'
AMDEP_TRUE=''
AMTAR='$${TAR-tar}'
AM_BACKSLASH='\'
AM_DEFAULT_V='$(AM_DEFAULT_VERBOSITY)'
AM_DEFAULT_VERBOSITY='1'
AM_V='$(V)'
AUTOCONF='${SHELL} /home/d/pc2drc/libdrc-vnc/drcvncclient/missing autoconf'
AUTOHEADER='${SHELL} /home/d/pc2drc/libdrc-vnc/drcvncclient/missing autoheader'
AUTOMAKE='${SHELL} /home/d/pc2drc/libdrc-vnc/drcvncclient/missing automake-1.16'
AWK='mawk'
CPPFLAGS=''
CXX='g++'
CXXDEPMODE='depmode=gcc3'
CXXFLAGS='-g -O2'
CYGPATH_W='echo'
DEFS='-DHAVE_CONFIG_H'
DEPDIR='.deps'
ECHO_C=''
ECHO_N='-n'
ECHO_T=''
EXEEXT=''
INSTALL_DATA='${INSTALL} -m 644'
INSTALL_PROGRAM='${INSTALL}'
INSTALL_SCRIPT='${INSTALL}'
INSTALL_STRIP_PROGRAM='$(install_sh) -c -s'
LDFLAGS=''
LIBOBJS=''
LIBS=''
LTLIBOBJS=''
MAKEINFO='${SHELL} /home/d/pc2drc/libdrc-vnc/drcvncclient/missing makeinfo'
MKDIR_P='/usr/bin/mkdir -p'
OBJEXT='o'
PACKAGE='drcvncclient'
PACKAGE_BUGREPORT=''
PACKAGE_NAME='drcvncclient'
PACKAGE_STRING='drcvncclient 1.0'
PACKAGE_TARNAME='drcvncclient'
PACKAGE_URL=''
PACKAGE_VERSION='1.0'
PATH_SEPARATOR=':'
PKG_CONFIG='/usr/bin/pkg-config'
PKG_CONFIG_LIBDIR=''
PKG_CONFIG_PATH=''
SET_MAKE=''
SHELL='/bin/bash'
STRIP=''
VERSION='1.0'
ac_ct_CXX='g++'
am__EXEEXT_FALSE=''
am__EXEEXT_TRUE='#'
am__fastdepCXX_FALSE='#'
am__fastdepCXX_TRUE=''
am__include='include'
am__isrc=''
am__leading_dot='.'
am__nodep='_no'
am__quote=''
am__tar='$${TAR-tar} chof - "$$tardir"'
am__untar='$${TAR-tar} xf -'
bindir='${exec_prefix}/bin'
build_alias=''
datadir='${datarootdir}'
datarootdir='${prefix}/share'
docdir='${datarootdir}/doc/${PACKAGE_TARNAME}'
dvidir='${docdir}'
exec_prefix='${prefix}'
host_alias=''
htmldir='${docdir}'
includedir='${prefix}/include'
infodir='${datarootdir}/info'
install_sh='${SHELL} /home/d/pc2drc/libdrc-vnc/drcvncclient/install-sh'
libdir='${exec_prefix}/lib'
libdrc_CFLAGS='-I/home/d/pc2drc/libdrc-vnc/libdrc-thefloppydriver/build/include'
libdrc_LIBS='-L/home/d/pc2drc/libdrc-vnc/libdrc-thefloppydriver/build/lib -ldrc -lswscale -lavutil'
libexecdir='${exec_prefix}/libexec'
libvncclient_CFLAGS='-I/usr/local/include'
libvncclient_LIBS='-L/usr/local/lib -lvncclient'
localedir='${datarootdir}/locale'
localstatedir='${prefix}/var'
mandir='${datarootdir}/man'
mkdir_p='$(MKDIR_P)'
oldincludedir='/usr/include'
pdfdir='${docdir}'
prefix='/usr/local'
program_transform_name='s,x,x,'
psdir='${docdir}'
runstatedir='${localstatedir}/run'
sbindir='${exec_prefix}/sbin'
sdl2_CFLAGS='-D_REENTRANT -I/usr/include/SDL2'
sdl2_LIBS='-lSDL2'
sharedstatedir='${prefix}/com'
sysconfdir='${prefix}/etc'
target_alias=''
x264_CFLAGS='-I/home/d/pc2drc/drc-x264/build/include'
x264_LIBS='-L/home/d/pc2drc/drc-x264/build/lib -lx264'

## ----------- ##
## confdefs.h. ##
## ----------- ##

/* confdefs.h */
#define PACKAGE_NAME "drcvncclient"
#define PACKAGE_TARNAME "drcvncclient"
#define PACKAGE_VERSION "1.0"
#define PACKAGE_STRING "drcvncclient 1.0"
#define PACKAGE_BUGREPORT ""
#define PACKAGE_URL ""
#define PACKAGE "drcvncclient"
#define VERSION "1.0"

configure: exit 0

## ---------------------- ##
## Running config.status. ##
## ---------------------- ##

This file was extended by drcvncclient config.status 1.0, which was
generated by GNU Autoconf 2.69.  Invocation command line was

  CONFIG_FILES    = 
  CONFIG_HEADERS  = 
  CONFIG_LINKS    = 
  CONFIG_COMMANDS = 
  $ ./config.status 

on d

config.status:848: creating Makefile
config.status:848: creating src/Makefile
config.status:848: creating config.h
config.status:1077: executing depfiles commands
config.status:1154: cd src       && sed -e '/# am--include-marker/d' Makefile         | make -f - am--depfiles
make[1]: Entering directory '/home/d/pc2drc/libdrc-vnc/drcvncclient/src'
make[1]: Nothing to be done for 'am--depfiles'.
make[1]: Leaving directory '/home/d/pc2drc/libdrc-vnc/drcvncclient/src'
config.status:1159: $? = 0

## ---------------------- ##
## Running config.status. ##
## ---------------------- ##

This file was extended by drcvncclient config.status 1.0, which was
generated by GNU Autoconf 2.69.  Invocation command line was

  CONFIG_FILES    = 
  CONFIG_HEADERS  = 
  CONFIG_LINKS    = 
  CONFIG_COMMANDS = 
  $ ./config.status config.h

on d

config.status:848: creating config.h
